CCACHE_DIR: [/root/.cache/ccache_mikernel]
[clang --version]:
clang version 18.1.0rc (http://git.linaro.org/toolchain/jenkins-scripts.git e5def089cd9f5aa71524f82fef301ca66eaa38d2)
Target: aarch64-unknown-linux-gnu
Thread model: posix
InstalledDir: /root/tool/android-ndk-r27d/toolchains/llvm/prebuilt/linux-arm64/bin
TARGET_DEVICE: cas
KSU is enabled
Cleaning...
Clearning [out/] and build for MIUI.....
make[1]: Entering directory '/root/project/lsm8250/out'
  GEN     ./Makefile
#
# configuration written to .config
#
make[1]: Leaving directory '/root/project/lsm8250/out'
make[1]: Entering directory '/root/project/lsm8250/out'
  GEN     ./Makefile
scripts/kconfig/conf  --syncconfig Kconfig
.config:5852:warning: override: KSU_SUSFS changes choice state
  GEN     ./Makefile
-- ReSukiSU version code: 35036
-- ReSukiSU version name: v4.1.0-d5ba3d2d@ReSukiSU
-- Supported Unofficial Manager: MKSU, RKSU, KOWSU, SukiSU-Ultra, ReSukiSU 
-- KERNEL_VERSION: 4.19
-- KERNEL_TYPE: Non-GKI
-- ReSukiSU: using SuSFS Inline hook
-- ReSukiSU/susfs_inline: ksu_handle_setresuid found
-- ReSukiSU/susfs_inline: ksu_handle_execveat found
-- ReSukiSU/susfs_inline: ksu_handle_faccessat found
-- ReSukiSU/susfs_inline: ksu_handle_sys_read found
-- ReSukiSU/susfs_inline: ksu_handle_stat found
-- ReSukiSU/susfs_inline: ksu_handle_sys_reboot found
-- ReSukiSU/susfs_inline: ksu_handle_input_handle_event found

-- SUSFS_VERSION: v2.2.0
-- ReSukiSU/compat: current_sid found
-- ReSukiSU/compat: selinux_state found
-- ReSukiSU/compat: kernel_read found
-- ReSukiSU/compat: kernel_write found
-- ReSukiSU/compat: seccomp_filter_count found
-- ReSukiSU/compat: file_inode() found
-- ReSukiSU/compat: ns_get_path found
-- ReSukiSU/compat: modern dentry_open found
-- ReSukiSU/compat: ext4_unregister_sysfs found
-- ReSukiSU/compat: f_op->read_iter found
-- ReSukiSU/compat: iterate_dir found
-- ReSukiSU/compat: modern static_key_interface found
-- ReSukiSU/compat: d_inode found
-- ReSukiSU/compat: inode_lock found
-- ReSukiSU/compat: modern errno file found
-- ReSukiSU/compat: overflow.h found
-- ReSukiSU/compat: modern proc ns header file found
-- ReSukiSU/compat: android spec POLICYDB_CONFIG_ANDROID_NETLINK_ROUTE found!!
-- ReSukiSU/compat: android spec POLICYDB_CONFIG_ANDROID_NETLINK_GETNEIGH found!!
-- ReSukiSU/compat: found sidtab as reference
-- ReSukiSU/compat: found hlist in security_hook_list
-- ReSukiSU/compat: found new setprocattr prototype
-- ReSukiSU/compat: found required provide lsm name
-- ReSukiSU/compat: found security_add_hooks
  Using .. as source for kernel
  DTC     arch/arm64/boot/dts/vendor/qcom/kona.dtb
  DTC     arch/arm64/boot/dts/vendor/qcom/kona-v2.dtb
  DTC     arch/arm64/boot/dts/vendor/qcom/kona-v2.1.dtb
  DTC     arch/arm64/boot/dts/vendor/qcom/cas-sm8250-overlay.dtbo
  DTBOIMG arch/arm64/boot/dtbo.img
  CALL    ../scripts/checksyscalls.sh
  CHK     include/generated/compile.h
  CHK     kernel/kheaders_data.tar.xz
-- ReSukiSU version code: 35036
-- ReSukiSU version name: v4.1.0-d5ba3d2d@ReSukiSU
-- Supported Unofficial Manager: MKSU, RKSU, KOWSU, SukiSU-Ultra, ReSukiSU 
-- KERNEL_VERSION: 4.19
-- KERNEL_TYPE: Non-GKI
-- ReSukiSU: using SuSFS Inline hook
-- ReSukiSU/susfs_inline: ksu_handle_setresuid found
-- ReSukiSU/susfs_inline: ksu_handle_execveat found
-- ReSukiSU/susfs_inline: ksu_handle_faccessat found
-- ReSukiSU/susfs_inline: ksu_handle_sys_read found
-- ReSukiSU/susfs_inline: ksu_handle_stat found
-- ReSukiSU/susfs_inline: ksu_handle_sys_reboot found
-- ReSukiSU/susfs_inline: ksu_handle_input_handle_event found

-- SUSFS_VERSION: v2.2.0
-- ReSukiSU/compat: current_sid found
-- ReSukiSU/compat: selinux_state found
-- ReSukiSU/compat: kernel_read found
-- ReSukiSU/compat: kernel_write found
-- ReSukiSU/compat: seccomp_filter_count found
-- ReSukiSU/compat: file_inode() found
-- ReSukiSU/compat: ns_get_path found
-- ReSukiSU/compat: modern dentry_open found
-- ReSukiSU/compat: ext4_unregister_sysfs found
-- ReSukiSU/compat: f_op->read_iter found
-- ReSukiSU/compat: iterate_dir found
-- ReSukiSU/compat: modern static_key_interface found
-- ReSukiSU/compat: d_inode found
-- ReSukiSU/compat: inode_lock found
-- ReSukiSU/compat: modern errno file found
-- ReSukiSU/compat: overflow.h found
-- ReSukiSU/compat: modern proc ns header file found
-- ReSukiSU/compat: android spec POLICYDB_CONFIG_ANDROID_NETLINK_ROUTE found!!
-- ReSukiSU/compat: android spec POLICYDB_CONFIG_ANDROID_NETLINK_GETNEIGH found!!
-- ReSukiSU/compat: found sidtab as reference
-- ReSukiSU/compat: found hlist in security_hook_list
-- ReSukiSU/compat: found new setprocattr prototype
-- ReSukiSU/compat: found required provide lsm name
-- ReSukiSU/compat: found security_add_hooks
  CC      drivers/kernelsu/core/init.o
  CC      drivers/kernelsu/policy/allowlist.o
  CC      drivers/kernelsu/policy/app_profile.o
  CC      drivers/kernelsu/policy/feature.o
  CC      drivers/kernelsu/feature/sucompat.o
  CC      drivers/kernelsu/feature/kernel_umount.o
  CC      drivers/kernelsu/feature/sulog.o
  CC      drivers/kernelsu/feature/adb_root.o
  CC      drivers/kernelsu/feature/selinux_hide.o
  CC      drivers/kernelsu/hook/setuid_hook.o
  CC      drivers/kernelsu/feature/dynamic_manager.o
  CC      drivers/kernelsu/manager/apk_sign.o
  CC      drivers/kernelsu/manager/throne_tracker.o
  CC      drivers/kernelsu/manager/manager.o
  CC      drivers/kernelsu/compat/kernel_compat.o
  CC      drivers/kernelsu/infra/su_mount_ns.o
  CC      drivers/kernelsu/infra/seccomp_cache.o
  CC      drivers/kernelsu/infra/file_wrapper.o
  CC      drivers/kernelsu/infra/event_queue.o
  CC      drivers/kernelsu/runtime/boot_event.o
  CC      drivers/kernelsu/runtime/ksud_integration.o
  CC      drivers/kernelsu/selinux/selinux.o
  CC      drivers/kernelsu/selinux/sepolicy.o
  CC      drivers/kernelsu/selinux/rules.o
  CC      drivers/kernelsu/sulog/event.o
  CC      drivers/kernelsu/sulog/fd.o
  CC      drivers/kernelsu/supercall/dispatch.o
  CC      drivers/kernelsu/supercall/perm.o
  CC      drivers/kernelsu/supercall/supercall.o
  CC      drivers/kernelsu/compat/apatch_conflict.o
  CC      drivers/kernelsu/hook/arm64/patch_memory.o
  CC      drivers/kernelsu/infra/symbol_resolver.o
  CC      drivers/kernelsu/hook/lsm_hooks.o
  AR      drivers/kernelsu/built-in.a
  AR      drivers/built-in.a
  GEN     .version
  CHK     include/generated/compile.h
  UPD     include/generated/compile.h
  CC      init/version.o
  AR      init/built-in.a
  AR      built-in.a
  MODPOST vmlinux.o
  KSYM    .tmp_kallsyms1.o
  KSYM    .tmp_kallsyms2.o
  LD      vmlinux
  SORTEX  vmlinux
  SYSMAP  System.map
  OBJCOPY arch/arm64/boot/Image
  Building modules, stage 2.
  MODPOST 11 modules
make[1]: Leaving directory '/root/project/lsm8250/out'
The file [out/arch/arm64/boot/Image] exists. MIUI Build successfully.
Build for MIUI finished.
